// Jest Snapshot v1, https://goo.gl/fbAQLP

exports[`sanitize SVG files 1`] = `
<div
  className="attached-images"
>
  <div
    className="attached-image-ct"
  >
    <div
      style={
        Object {
          "alignItems": "center",
          "display": "flex",
        }
      }
    >
      <h5
        className="attached-image-title"
      >
        malicious
      </h5>
      <a
        className="attached-image-remove"
        onClick={[Function]}
        title="Remove image"
      >
        ✖
      </a>
    </div>
    <img
      alt="malicious"
      className="attached-image"
      src="data:image/svg+xml;base64,PHN2ZyB4bWxucz0iaHR0cDovL3d3dy53My5vcmcvMjAwMC9zdmciPgogICA8cG9seWdvbiBzdHJva2U9IiMwMDQ0MDAiIGZpbGw9IiMwMDk5MDAiIHBvaW50cz0iMCwwIDAsNTAgNTAsMCIgaWQ9InRyaWFuZ2xlIj48L3BvbHlnb24+CiAgIAo8L3N2Zz4K"
    />
  </div>
  <div
    className="attached-image-ct"
  >
    <div
      style={
        Object {
          "alignItems": "center",
          "display": "flex",
        }
      }
    >
      <h5
        className="attached-image-title"
      >
        notMalicious
      </h5>
      <a
        className="attached-image-remove"
        onClick={[Function]}
        title="Remove image"
      >
        ✖
      </a>
    </div>
    <img
      alt="notMalicious"
      className="attached-image"
      src="data:image/svg+xml;base64,PHN2ZyB4bWxucz0iaHR0cDovL3d3dy53My5vcmcvMjAwMC9zdmciPgogICA8cG9seWdvbiBpZD0idHJpYW5nbGUiIHBvaW50cz0iMCwwIDAsNTAgNTAsMCIgZmlsbD0iIzAwOTkwMCIgc3Ryb2tlPSIjMDA0NDAwIj48L3BvbHlnb24+CiAgIAo8L3N2Zz4K"
    />
  </div>
</div>
`;
